U+25FB NULL  ◻
U+23BE START OF HEADING  ⎾
U+23CA START OF TEXT  ⏊
U+23CC END OF TEXT  ⏌
U+26A1 END OF TRANSMISSION  ⚡
U+22A0 ENQUIRY  ⊠
U+2713 ACKNOWLEDGE  ✓
U+237E BELL  ⍾
U+2190 BACKSPACE  ←
U+2192 CHARACTER TABULATION  →
U+2193 LINE FEED (LF)  ↓
U+2191 LINE TABULATION  ↑
U+21A1 FORM FEED (FF)  ↡
U+21B2 CARRIAGE RETURN (CR)  ↲
U+2297 SHIFT OUT  ⊗
U+2299 SHIFT IN  ⊙
U+229F DATA LINK ESCAPE  ⊟
U+25F7 DEVICE CONTROL ONE  ◷
U+25F6 DEVICE CONTROL TWO  ◶
U+25F5 DEVICE CONTROL THREE  ◵
U+25F4 DEVICE CONTROL FOUR  ◴
U+237B NEGATIVE ACKNOWLEDGE  ⍻
U+238D SYNCHRONOUS IDLE  ⎍
U+22A3 END OF TRANSMISSION BLOCK  ⊣
U+29D6 CANCEL  ⧖
U+237F END OF MEDIUM  ⍿
U+2426 SUBSTITUTE  ␦
U+2296 ESCAPE  ⊖
U+25F0 INFORMATION SEPARATOR FOUR  ◰
U+25F1 INFORMATION SEPARATOR THREE  ◱
U+25F2 INFORMATION SEPARATOR TWO  ◲
U+25F3 INFORMATION SEPARATOR ONE  ◳
U+0020 SPACE SP
U+0021 EXCLAMATION MARK  !
U+0022 QUOTATION MARK  "
U+0023 NUMBER SIGN  #
U+0024 DOLLAR SIGN  $
U+0025 PERCENT SIGN  %
U+0026 AMPERSAND  &
U+2019 RIGHT SINGLE QUOTATION MARK  ’
U+0028 LEFT PARENTHESIS  (
U+0029 RIGHT PARENTHESIS  )
U+002A ASTERISK  *
U+002B PLUS SIGN  +
U+002C COMMA  ,
U+002D HYPHEN-MINUS  -
U+002E FULL STOP  .
U+002F SOLIDUS  /
U+0030 DIGIT ZERO  0
U+0031 DIGIT ONE  1
U+0032 DIGIT TWO  2
U+0033 DIGIT THREE  3
U+0034 DIGIT FOUR  4
U+0035 DIGIT FIVE  5
U+0036 DIGIT SIX  6
U+0037 DIGIT SEVEN  7
U+0038 DIGIT EIGHT  8
U+0039 DIGIT NINE  9
U+003A COLON  :
U+003B SEMICOLON  ;
U+003C LESS-THAN SIGN  <
U+003D EQUALS SIGN  =
U+003E GREATER-THAN SIGN  >
U+003F QUESTION MARK  ?
U+0040 COMMERCIAL AT  @
U+0041 LATIN CAPITAL LETTER A  A
U+0042 LATIN CAPITAL LETTER B  B
U+0043 LATIN CAPITAL LETTER C  C
U+0044 LATIN CAPITAL LETTER D  D
U+0045 LATIN CAPITAL LETTER E  E
U+0046 LATIN CAPITAL LETTER F  F
U+0047 LATIN CAPITAL LETTER G  G
U+0048 LATIN CAPITAL LETTER H  H
U+0049 LATIN CAPITAL LETTER I  I
U+004A LATIN CAPITAL LETTER J  J
U+004B LATIN CAPITAL LETTER K  K
U+004C LATIN CAPITAL LETTER L  L
U+004D LATIN CAPITAL LETTER M  M
U+004E LATIN CAPITAL LETTER N  N
U+004F LATIN CAPITAL LETTER O  O
U+0050 LATIN CAPITAL LETTER P  P
U+0051 LATIN CAPITAL LETTER Q  Q
U+0052 LATIN CAPITAL LETTER R  R
U+0053 LATIN CAPITAL LETTER S  S
U+0054 LATIN CAPITAL LETTER T  T
U+0055 LATIN CAPITAL LETTER U  U
U+0056 LATIN CAPITAL LETTER V  V
U+0057 LATIN CAPITAL LETTER W  W
U+0058 LATIN CAPITAL LETTER X  X
U+0059 LATIN CAPITAL LETTER Y  Y
U+005A LATIN CAPITAL LETTER Z  Z
U+005B LEFT SQUARE BRACKET  [
U+005C REVERSE SOLIDUS  \
U+005D RIGHT SQUARE BRACKET  &#93;
U+2191 UPWARDS ARROW  ↑
U+005F LOW LINE  _
U+0060 GRAVE ACCENT  `
U+0061 LATIN SMALL LETTER A  a
U+0062 LATIN SMALL LETTER B  b
U+0063 LATIN SMALL LETTER C  c
U+0064 LATIN SMALL LETTER D  d
U+0065 LATIN SMALL LETTER E  e
U+0066 LATIN SMALL LETTER F  f
U+0067 LATIN SMALL LETTER G  g
U+0068 LATIN SMALL LETTER H  h
U+0069 LATIN SMALL LETTER I  i
U+006A LATIN SMALL LETTER J  j
U+006B LATIN SMALL LETTER K  k
U+006C LATIN SMALL LETTER L  l
U+006D LATIN SMALL LETTER M  m
U+006E LATIN SMALL LETTER N  n
U+006F LATIN SMALL LETTER O  o
U+0070 LATIN SMALL LETTER P  p
U+0071 LATIN SMALL LETTER Q  q
U+0072 LATIN SMALL LETTER R  r
U+0073 LATIN SMALL LETTER S  s
U+0074 LATIN SMALL LETTER T  t
U+0075 LATIN SMALL LETTER U  u
U+0076 LATIN SMALL LETTER V  v
U+0077 LATIN SMALL LETTER W  w
U+0078 LATIN SMALL LETTER X  x
U+0079 LATIN SMALL LETTER Y  y
U+007A LATIN SMALL LETTER Z  z
U+007B LEFT CURLY BRACKET  {
U+007C VERTICAL LINE  {{pipe}}
U+007D RIGHT CURLY BRACKET  }
U+007E TILDE  ~
U+007F DELETE  DEL
U+00A0 NO-BREAK SPACE  &nbsp;
U+2598 QUADRANT UPPER LEFT|▘
U+259D QUADRANT UPPER RIGHT|▝
U+2580 UPPER HALF BLOCK|▀
U+2596 QUADRANT LOWER LEFT|▖
U+258C LEFT HALF BLOCK|▌
U+259E QUADRANT UPPER RIGHT AND LOWER LEFT|▞
U+259B QUADRANT UPPER LEFT AND UPPER RIGHT AND LOWER LEFT|▛
U+2597 QUADRANT LOWER RIGHT|▗
U+259A QUADRANT UPPER LEFT AND LOWER RIGHT|▚
U+2590 RIGHT HALF BLOCK|▐
U+259C QUADRANT UPPER LEFT AND UPPER RIGHT AND LOWER RIGHT|▜
U+2584 LOWER HALF BLOCK|▄
U+2599 QUADRANT UPPER LEFT AND LOWER LEFT AND LOWER RIGHT|▙
U+259F QUADRANT UPPER RIGHT AND LOWER LEFT AND LOWER RIGHT|▟
U+2588 FULL BLOCK|█
U+00B7 MIDDLE DOT  ·|144
U+2575 BOX DRAWINGS LIGHT UP|╵|145
U+2576 BOX DRAWINGS LIGHT RIGHT|╶|146
U+2514 BOX DRAWINGS LIGHT UP AND RIGHT|└|147
U+2577 BOX DRAWINGS LIGHT DOWN|╷|148
U+2502 BOX DRAWINGS LIGHT VERTICAL|│|149
U+250C BOX DRAWINGS LIGHT DOWN AND RIGHT|┌|150
U+251C BOX DRAWINGS LIGHT VERTICAL AND RIGHT|├|151
U+2574 BOX DRAWINGS LIGHT LEFT|╴|152
U+2518 BOX DRAWINGS LIGHT UP AND LEFT|┘|153
U+2500 BOX DRAWINGS LIGHT HORIZONTAL|─|154
U+2534 BOX DRAWINGS LIGHT UP AND HORIZONTAL|┴|155
U+2510 BOX DRAWINGS LIGHT DOWN AND LEFT|┐|156
U+2524 BOX DRAWINGS LIGHT VERTICAL AND LEFT|┤|157
U+252C BOX DRAWINGS LIGHT DOWN AND HORIZONTAL|┬|158
U+253C BOX DRAWINGS LIGHT VERTICAL AND HORIZONTAL|┼|159
U+005E CIRCUMFLEX ACCENT  ^| 94
U+00B4 ACUTE ACCENT  ´| 94
U+00A8 DIAERESIS  ¨
U+00A3 POUND SIGN  £
U+00A9 COPYRIGHT SIGN  ©
U+00B6 PILCROW SIGN  ¶
U+00A7 SECTION SIGN  §
U+2018 LEFT SINGLE QUOTATION MARK  ‘
U+00BC VULGAR FRACTION ONE QUARTER  ¼
U+00BD VULGAR FRACTION ONE HALF  ½
U+00BE VULGAR FRACTION THREE QUARTERS  ¾
U+00B1 PLUS-MINUS SIGN  ±
U+00F7 DIVISION SIGN  ÷
U+00AC NOT SIGN  ¬
U+00BF INVERTED QUESTION MARK  ¿
U+00A1 INVERTED EXCLAMATION MARK  ¡
U+03B1 GREEK SMALL LETTER ALPHA  α
U+03B2 GREEK SMALL LETTER BETA  β
U+03B3 GREEK SMALL LETTER GAMMA  γ
U+03B4 GREEK SMALL LETTER DELTA  δ
U+03B5 GREEK SMALL LETTER EPSILON  ε
U+03B8 GREEK SMALL LETTER THETA  θ
U+03BB GREEK SMALL LETTER LAMDA  λ
U+03BC GREEK SMALL LETTER MU  μ
U+03C0 GREEK SMALL LETTER PI  π
U+03C3 GREEK SMALL LETTER SIGMA  σ
U+03C6 GREEK SMALL LETTER PHI  φ
U+03C8 GREEK SMALL LETTER PSI  ψ
U+03C7 GREEK SMALL LETTER CHI  χ
U+03C9 GREEK SMALL LETTER OMEGA  ω
U+03A3 GREEK CAPITAL LETTER SIGMA  Σ
U+03A9 GREEK CAPITAL LETTER OMEGA  Ω
U+1FBA0 BOX DRAWINGS LIGHT DIAGONAL UPPER CENTRE TO MIDDLE LEFT|🮠
U+1FBA1 BOX DRAWINGS LIGHT DIAGONAL UPPER CENTRE TO MIDDLE RIGHT|🮡
U+1FBA3 BOX DRAWINGS LIGHT DIAGONAL MIDDLE RIGHT TO LOWER CENTRE|🮣
U+1FBA2 BOX DRAWINGS LIGHT DIAGONAL MIDDLE LEFT TO LOWER CENTRE|🮢
U+1FBA7 BOX DRAWINGS LIGHT DIAGONAL MIDDLE LEFT TO UPPER CENTRE TO MIDDLE RIGHT|🮧
U+1FBA5 BOX DRAWINGS LIGHT DIAGONAL UPPER CENTRE TO MIDDLE RIGHT TO LOWER CENTRE|🮥
U+1FBA6 BOX DRAWINGS LIGHT DIAGONAL MIDDLE LEFT TO LOWER CENTRE TO MIDDLE RIGHT|🮦
U+1FBA4 BOX DRAWINGS LIGHT DIAGONAL UPPER CENTRE TO MIDDLE LEFT TO LOWER CENTRE|🮤
U+1FBA8 BOX DRAWINGS LIGHT DIAGONAL UPPER CENTRE TO MIDDLE LEFT AND MIDDLE RIGHT TO LOWER CENTRE|🮨
U+1FBA9 BOX DRAWINGS LIGHT DIAGONAL UPPER CENTRE TO MIDDLE RIGHT AND MIDDLE LEFT TO LOWER CENTRE|🮩
U+1FBAE BOX DRAWINGS LIGHT DIAGONAL DIAMOND|🮮
U+2573 BOX DRAWINGS LIGHT DIAGONAL CROSS|╳
U+2571 BOX DRAWINGS LIGHT DIAGONAL UPPER RIGHT TO LOWER LEFT|╱
U+2572 BOX DRAWINGS LIGHT DIAGONAL UPPER LEFT TO LOWER RIGHT|╲
U+1FB95 CHECKER BOARD FILL|🮕
U+2592 MEDIUM SHADE|▒
U+2594 UPPER ONE EIGHTH BLOCK|▔
U+2595 RIGHT ONE EIGHTH BLOCK|▕
U+2581 LOWER ONE EIGHTH BLOCK|▁
U+258F LEFT ONE EIGHTH BLOCK|▏
U+25E4 BLACK UPPER LEFT TRIANGLE|◤
U+25E5 BLACK UPPER RIGHT TRIANGLE|◥
U+25E2 BLACK LOWER RIGHT TRIANGLE|◢
U+25E3 BLACK LOWER LEFT TRIANGLE|◣
U+1FB8E UPPER HALF MEDIUM SHADE|🮎
U+1FB8D RIGHT HALF MEDIUM SHADE|🮍
U+1FB8F LOWER HALF MEDIUM SHADE|🮏
U+1FB8C LEFT HALF MEDIUM SHADE|🮌
U+1FB9C UPPER LEFT TRIANGULAR MEDIUM SHADE|🮜
U+1FB9D UPPER RIGHT TRIANGULAR MEDIUM SHADE|🮝
U+1FB9E LOWER RIGHT TRIANGULAR MEDIUM SHADE|🮞
U+1FB9F LOWER LEFT TRIANGULAR MEDIUM SHADE|🮟
U+263A WHITE SMILING FACE  ☺
U+2639 WHITE FROWNING FACE  ☹
U+2663 BLACK CLUB SUIT  ♣
U+2666 BLACK DIAMOND SUIT  ♦
U+2665 BLACK HEART SUIT  ♥
U+2660 BLACK SPADE SUIT  ♠
U+25CB WHITE CIRCLE  ○
U+25CF BLACK CIRCLE  ●
U+25A1 WHITE SQUARE  □
U+25A0 BLACK SQUARE  ■
U+2642 MALE SIGN  ♂
U+2640 FEMALE SIGN  ♀
U+2669 QUARTER NOTE  ♩
U+266A EIGHTH NOTE  ♪
U+263C WHITE SUN WITH RAYS  ☼
U+1CC57 UP-POINTING ROCKET SHIP  Image:CPC character 0xEF.png|239|style=background:#FFD
U+2B61 UPWARDS TRIANGLE-HEADED ARROW|⭡
U+2B63 DOWNWARDS TRIANGLE-HEADED ARROW|⭣
U+2B60 LEFTWARDS TRIANGLE-HEADED ARROW|⭠
U+2B62 RIGHTWARDS TRIANGLE-HEADED ARROW|⭢
U+25B2 BLACK UP-POINTING TRIANGLE  ▲
U+25BC BLACK DOWN-POINTING TRIANGLE  ▼
U+25B6 BLACK RIGHT-POINTING TRIANGLE  ▶
U+25C0 BLACK LEFT-POINTING TRIANGLE  ◀
U+1FBC6 STICK FIGURE WITH ARMS RAISED|🯆
U+1FBC5 STICK FIGURE|🯅
U+1FBC7 STICK FIGURE LEANING LEFT|🯇
U+1FBC8 STICK FIGURE LEANING RIGHT|🯈
U+1CC63 DOWN-POINTING ATOMIC BOMB  Image:CPC character 0xFC.png|252|style=background:#FFD
U+1CC64 MUSHROOM CLOUD  Image:CPC character 0xFD.png|253|style=background:#FFD
U+2B65 UP DOWN TRIANGLE-HEADED ARROW|⭥
U+2B64 LEFT RIGHT TRIANGLE-HEADED ARROW|⭤
